docker-compose : time="
2026-07-12T07:17:40+02:
00" level=warning msg="
C:\\Users\\bmarn\\OneDr
ive\\HTML\\extractor\\d
ocker-compose.yml: the 
attribute `version` is 
obsolete, it will be 
ignored, please remove 
it to avoid potential 
confusion"
In Zeile:1 Zeichen:1
+ docker-compose build 
--no-cache frontend 
2>&1 | Tee-Object 
build-outp ...
+ ~~~~~~~~~~~~~~~~~~~~~
~~~~~~~~~~~~~~~~~~~~~~~
~
    + CategoryInfo     
         : NotSpecifi  
  ed: (time="2026-07   
 -1...tial confusio    
n":String) [], Rem    
oteException
    + FullyQualifiedEr 
   rorId : NativeComm  
  andError
 
 Image 
extractor-frontend 
Building 
#1 [internal] load local bake definitions
#1 reading from stdin 1.06kB 0.1s done
#1 DONE 0.1s

#2 [internal] load build definition from Dockerfile.frontend
#2 DONE 0.0s

#2 [internal] load build definition from Dockerfile.frontend
#2 transferring dockerfile: 1.20kB 0.0s done
#2 DONE 0.1s

#3 [internal] load metadata for docker.io/library/nginx:alpine
#3 ...

#4 [internal] load metadata for docker.io/library/node:20-alpine
#4 DONE 0.8s

#3 [internal] load metadata for docker.io/library/nginx:alpine
#3 DONE 0.8s

#5 [internal] load .dockerignore
#5 transferring context: 1.04kB 0.0s done
#5 DONE 0.1s

#6 [internal] load build context
#6 DONE 0.0s

#7 [builder 1/7] FROM docker.io/library/node:20-alpine@sha256:fb4cd12c85ee03686f6af5362a0b0d56d50c58a04632e6c0fb8363f609372293
#7 resolve docker.io/library/node:20-alpine@sha256:fb4cd12c85ee03686f6af5362a0b0d56d50c58a04632e6c0fb8363f609372293
#7 resolve docker.io/library/node:20-alpine@sha256:fb4cd12c85ee03686f6af5362a0b0d56d50c58a04632e6c0fb8363f609372293 0.1s done
#7 DONE 0.1s

#8 [stage-1 1/3] FROM docker.io/library/nginx:alpine@sha256:54f2a904c251d5a34adf545a72d32515a15e08418dae0266e23be2e18c66fefa
#8 resolve docker.io/library/nginx:alpine@sha256:54f2a904c251d5a34adf545a72d32515a15e08418dae0266e23be2e18c66fefa 0.1s done
#8 CACHED

#9 [builder 2/7] WORKDIR /app/frontend
#9 CACHED

#6 [internal] load build context
#6 transferring context: 13.81kB 0.1s done
#6 DONE 0.1s

#10 [builder 3/7] COPY frontend/package*.json ./
#10 DONE 0.4s

#11 [stage-1 2/3] COPY frontend/nginx.conf /etc/nginx/nginx.conf
#11 DONE 0.4s

#12 [builder 4/7] RUN npm install --legacy-peer-deps
#12 6.728 npm warn deprecated whatwg-encoding@2.0.0: Use @exodus/bytes instead for a more spec-conformant and faster implementation
#12 7.469 npm warn deprecated rimraf@3.0.2: Rimraf versions prior to v4 are no longer supported
#12 8.433 npm warn deprecated inflight@1.0.6: This module is not supported, and leaks memory. Do not use it. Check out lru-cache if you want a good and tested way to coalesce async requests by a key value, which is much more comprehensive and powerful.
#12 9.083 npm warn deprecated glob@7.2.3: Old versions of glob are not supported, and contain widely publicized security vulnerabilities, which have been fixed in the current version. Please update. Support for old versions may be purchased (at exorbitant rates) by contacting i@izs.me
#12 9.445 npm warn deprecated domexception@4.0.0: Use your platform's native DOMException instead
#12 9.958 npm warn deprecated abab@2.0.6: Use your platform's native atob() and btoa() methods instead
#12 10.88 npm warn deprecated @humanwhocodes/object-schema@2.0.3: Use @eslint/object-schema instead
#12 10.97 npm warn deprecated @humanwhocodes/config-array@0.13.0: Use @eslint/config-array instead
#12 17.32 npm warn deprecated eslint@8.57.1: This version is no longer supported. Please see https://eslint.org/version-support for other options.
#12 17.45 npm warn deprecated @mui/base@5.0.0-alpha.61: This package has been replaced by @base-ui/react
#12 47.73 npm warn deprecated @mui/base@5.0.0-beta.7: This package has been replaced by @base-ui/react
#12 93.59 
#12 93.59 added 702 packages, and audited 703 packages in 2m
#12 93.59 
#12 93.59 165 packages are looking for funding
#12 93.59   run `npm fund` for details
#12 93.84 
#12 93.84 11 vulnerabilities (1 moderate, 10 high)
#12 93.84 
#12 93.84 To address issues that do not require attention, run:
#12 93.84   npm audit fix
#12 93.84 
#12 93.84 To address all issues (including breaking changes), run:
#12 93.84   npm audit fix --force
#12 93.84 
#12 93.84 Run `npm audit` for details.
#12 93.84 npm notice
#12 93.84 npm notice New major version of npm available! 10.8.2 -> 12.0.1
#12 93.84 npm notice Changelog: https://github.com/npm/cli/releases/tag/v12.0.1
#12 93.84 npm notice To update run: npm install -g npm@12.0.1
#12 93.84 npm notice
#12 DONE 94.6s

#13 [builder 5/7] COPY frontend .
#13 DONE 0.6s

#14 [builder 6/7] COPY frontend/.env.production .env.production
#14 DONE 0.1s

#15 [builder 7/7] RUN npm run build
#15 0.533 
#15 0.533 > audit-safe-extractor-frontend@0.26.0 build
#15 0.533 > tsc -b && vite build
#15 0.533 
#15 12.54 src/App.tsx(87,5): error TS2554: Expected 2 arguments, but got 1.
#15 ERROR: process "/bin/sh -c npm run build" did not complete successfully: exit code: 1
------
 > [builder 7/7] RUN npm run build:
0.533 
0.533 > audit-safe-extractor-frontend@0.26.0 build
0.533 > tsc -b && vite build
0.533 
12.54 src/App.tsx(87,5): error TS2554: Expected 2 arguments, but got 1.
------
Dockerfile.frontend:21

--------------------

  19 |     

  20 |     # Build 
application using npm 
run build (tsc + vite)

  21 | >>> RUN npm run 
build

  22 |     

  23 |     # 
Production Stage - 
Nginx Reverse Proxy

--------------------

failed to solve: 
process "/bin/sh -c 
npm run build" did not 
complete successfully: 
exit code: 1



View build details: doc
ker-desktop://dashboard
/build/default/default/
m2is2zwa9i43zh28tnjifmz
7n

